
> react-kavia@0.1.0 start
> cross-env EDIT_MODE=true webpack serve --config .ve/webpack.config.js --mode development

<i> [webpack-dev-server] Project is running at:
<i> [webpack-dev-server] Loopback: http://localhost:3000/, http://[::1]:3000/
<i> [webpack-dev-server] On Your Network (IPv4): http://172.17.0.2:3000/
<i> [webpack-dev-server] Content not from webpack is served from './public' directory
Injecting EditorRootWrapper import: ../.ve/EditorRootWrapper
asset bundle.js 1.39 MiB [emitted] (name: main)
asset index.html 1.92 KiB [emitted]
runtime modules 27.5 KiB 14 modules
modules by path ./node_modules/ 1.24 MiB 31 modules
modules by path ./src/ 10.2 KiB
  modules by path ./src/*.css 7.49 KiB 4 modules
  modules by path ./src/*.js 2.75 KiB
    ./src/index.js 530 bytes [built] [code generated]
    ./src/App.js 2.23 KiB [built] [code generated]
modules by path ./.ve/ 15.1 KiB
  modules by path ./.ve/*.js 10.6 KiB 2 modules
  modules by path ./.ve/*.css 2.93 KiB
    ./.ve/EditorOverlay.css 2.25 KiB [built] [code generated]
    ./node_modules/css-loader/dist/cjs.js!./.ve/EditorOverlay.css 697 bytes [built] [code generated]
  ./.ve/EditorOverlay.jsx 1.58 KiB [built] [code generated]
webpack 5.99.9 compiled successfully in 1673 ms
assets by status 1.92 KiB [cached] 1 asset
assets by path *.js 1.41 MiB
  asset bundle.js 1.4 MiB [emitted] (name: main)
  asset main.6f8b6217df2af6132843.hot-update.js 10.1 KiB [emitted] [immutable] [hmr] (name: main)
asset main.6f8b6217df2af6132843.hot-update.json 28 bytes [emitted] [immutable] [hmr]
Entrypoint main 1.41 MiB = bundle.js 1.4 MiB main.6f8b6217df2af6132843.hot-update.js 10.1 KiB
cached modules 1.26 MiB [cached] 41 modules
runtime modules 27.5 KiB 14 modules
./src/App.js 6.68 KiB [built] [code generated]
webpack 5.99.9 compiled successfully in 182 ms
assets by status 1.92 KiB [cached] 1 asset
assets by path *.js 1.4 MiB
  asset bundle.js 1.4 MiB [emitted] (name: main)
  asset main.3f4eeab2f3063b06c8a5.hot-update.js 4.87 KiB [emitted] [immutable] [hmr] (name: main)
asset main.3f4eeab2f3063b06c8a5.hot-update.json 28 bytes [emitted] [immutable] [hmr]
Entrypoint main 1.4 MiB = bundle.js 1.4 MiB main.3f4eeab2f3063b06c8a5.hot-update.js 4.87 KiB
cached modules 1.27 MiB [cached] 41 modules
runtime modules 27.5 KiB 14 modules
./node_modules/css-loader/dist/cjs.js!./src/App.css 2.4 KiB [built] [code generated]
webpack 5.99.9 compiled successfully in 60 ms
assets by status 1.92 KiB [cached] 1 asset
assets by path *.js 1.4 MiB
  asset bundle.js 1.39 MiB [emitted] (name: main)
  asset main.8acd8b5e0475becd3423.hot-update.js 1.53 KiB [emitted] [immutable] [hmr] (name: main)
asset main.8acd8b5e0475becd3423.hot-update.json 28 bytes [emitted] [immutable] [hmr]
Entrypoint main 1.4 MiB = bundle.js 1.39 MiB main.8acd8b5e0475becd3423.hot-update.js 1.53 KiB
cached modules 1.26 MiB [cached] 40 modules
runtime modules 27.5 KiB 14 modules
javascript modules 2.26 KiB
  ./src/App.css 2.22 KiB [code generated]
  ./node_modules/css-loader/dist/cjs.js!./src/App.css 39 bytes [built] [code generated] [1 error]

ERROR in ./src/App.css (./node_modules/css-loader/dist/cjs.js!./src/App.css)
Module build failed (from ./node_modules/css-loader/dist/cjs.js):

SyntaxError

(163:1) /home/kavia/workspace/code-generation/webtictactoe-109618-c704f465/webtictactoe/src/App.css Unexpected }

  161 |   box-sizing: border-box;
  162 |   z-index: 100;
> 163 | }
      | ^
  164 | 
  165 | .logo {
 @ ./src/App.css 8:6-97 20:17-24 24:7-21 50:25-39 51:36-47 51:50-64 55:6-65:7 56:54-65 56:68-82 62:42-53 62:56-70 64:21-28 75:0-67 75:0-67 76:22-29 76:33-47 76:50-64 53:4-66:5
 @ ./src/App.js 2:0-19
 @ ./src/index.js 5:0-24 11:32-35

webpack 5.99.9 compiled with 1 error in 46 ms
assets by status 1.92 KiB [cached] 1 asset
assets by path *.js 1.41 MiB
  asset bundle.js 1.4 MiB [emitted] (name: main)
  asset main.c338be38125f1d61c171.hot-update.js 7.24 KiB [emitted] [immutable] [hmr] (name: main)
asset main.c338be38125f1d61c171.hot-update.json 28 bytes [emitted] [immutable] [hmr]
Entrypoint main 1.41 MiB = bundle.js 1.4 MiB main.c338be38125f1d61c171.hot-update.js 7.24 KiB
cached modules 1.26 MiB [cached] 40 modules
runtime modules 27.5 KiB 14 modules
javascript modules 6.88 KiB
  ./src/App.css 2.22 KiB [code generated]
  ./node_modules/css-loader/dist/cjs.js!./src/App.css 4.66 KiB [built] [code generated]
webpack 5.99.9 compiled successfully in 51 ms
